
> litebistudio@0.1.0 build
> npm run compile:schemas && tsc -b && vite build


> litebistudio@0.1.0 compile:schemas
> node scripts/compile-schemas.js

Ô£à Schema compiled to C:\github\itdashboard\src\lib\validators\invoice-items-validator.js
src/app/components/ExcelImport.tsx(3,10): error TS6133: 'Upload' is declared but its value is never read.
